// Vitest Snapshot v1, https://vitest.dev/guide/snapshot.html

exports[`Form Dentist component > renders correctly 1`] = `
<div>
  <div
    class="form-container"
    id="pop-up"
  >
    <form
      action=""
      id="pop-up-content"
      role="dentist-form"
    >
      <span
        class="form-close-btn"
      >
        <button
          class="close-btn"
          type="button"
        >
          X
        </button>
      </span>
      <legend>
        <h3>
          Registrar Novo Dentista
        </h3>
      </legend>
      <div
        class="nome"
      >
        <label
          for="nome"
        >
          Nome
        </label>
        <div
          class="error-message"
        />
        <input
          id="nome"
          name="nome"
          required=""
          type="text"
          value=""
        />
      </div>
      <div
        class="sobrenome"
      >
        <label
          for="sobrenome"
        >
          Sobrenome
        </label>
        <div
          class="error-message"
        />
        <input
          id="sobrenome"
          name="sobrenome"
          required=""
          type="text"
          value=""
        />
      </div>
      <div>
        <label
          for="telefone"
        >
          Telefone
        </label>
        <div
          class="error-message"
        />
        <input
          id="telefone"
          maxlength="9"
          name="telefone"
          placeholder="xxxxx-xxxx"
          required=""
          type="tel"
          value=""
        />
      </div>
      <div
        class="cpf"
      >
        <label
          for="cpf"
        >
          CPF
        </label>
        <div
          class="error-message"
        />
        <input
          id="cpf"
          name="cpf"
          pattern="\\d{3}\\.?\\d{3}\\.?\\d{3}-?\\d{2}"
          placeholder="xxx.xxx.xxx-xx"
          type="text"
          value=""
        />
      </div>
      <div
        class="select-options"
      >
        <label
          for="local"
        >
          Local de Trabalho
        </label>
        <div
          class="error-message"
        />
        <select
          id="local"
          name="local"
        >
          <option />
          <option
            value="local-0"
          >
            Franco EIRELI
          </option>
          <option
            value="local-1"
          >
            Moraes LTDA
          </option>
        </select>
      </div>
      <button
        class="register-form-btn"
        type="submit"
      >
        Registrar
      </button>
    </form>
  </div>
</div>
`;
