// Vitest Snapshot v1, https://vitest.dev/guide/snapshot.html

exports[`Form Local component > renders correctly 1`] = `
<div>
  <div
    class="form-container"
    id="pop-up"
  >
    <form
      action=""
      id="pop-up-content"
      role="local-form"
    >
      <span
        class="form-close-btn"
      >
        <button
          class="close-btn"
          type="button"
        >
          X
        </button>
      </span>
      <legend>
        <h3>
          Registrar Novo Local
        </h3>
      </legend>
      <div
        class="nome"
      >
        <label
          for="nome"
        >
          Nome do Local
        </label>
        <div
          class="error-message"
        />
        <input
          id="nome"
          name="nome"
          required=""
          type="text"
          value=""
        />
      </div>
      <div
        class="endereço"
      >
        <label
          for="endereço"
        >
          Endereço
        </label>
        <div
          class="error-message"
        />
        <input
          id="endereço"
          name="endereço"
          required=""
          type="text"
          value=""
        />
      </div>
      <div
        class="Cep"
      >
        <label
          for="cep"
        >
          Cep
        </label>
        <div
          class="error-message"
        />
        <input
          id="cep"
          name="cep"
          placeholder="xxxxx-xxx"
          required=""
          type="text"
          value=""
        />
      </div>
      <div>
        <label
          for="telefone"
        >
          Telefone
        </label>
        <div
          class="error-message"
        />
        <input
          id="telefone"
          maxlength="9"
          name="telefone"
          placeholder="xxxxx-xxxx"
          required=""
          type="tel"
          value=""
        />
      </div>
      <div
        class="tabela-options"
      >
        <label
          for="tabela-options"
        >
          Tipo de Tabela
        </label>
        <select
          id="tabela-options"
          name="tabela"
        >
          <option
            value="Normal"
          >
            Normal
          </option>
          <option
            value="Reduzido"
          >
            Reduzido
          </option>
        </select>
      </div>
      <button
        class="register-form-btn"
        type="submit"
      >
        Registrar
      </button>
    </form>
  </div>
</div>
`;
